application {
  name = "foo"
  type = ""

  dependency {
    source = "foo"
  }

  dependency {
    source = "bar"
  }
}

project {
  name           = "foo"
  infrastructure = "aws"
}

infrastructure {
  name   = "aws"
  type   = "aws"
  flavor = "foo"
}